button
button-focused
button-hover
button-focused-hover
button-disabled
button-default
button-default-hover
button-active
button-active-focused
button-active-hover
button-active-focused-hover
button-active-disabled
button-toolbar
button-toolbar-focused
button-toolbar-active
button-toolbar-active-focused
button-toolbar-disabled
backdrop-button-toolbar
backdrop-button-toolbar-active
backdrop-button
backdrop-button-hover
backdrop-button-active
backdrop-button-active-hover
backdrop-button-disabled
backdrop-button-active-disabled
backdrop-button-toolbar-disabled
entry
entry-focused
entry-disabled
entry-toolbar
entry-toolbar-focused
backdrop-entry
backdrop-entry-disabled
combobox-button
combobox-button-focused
combobox-button-pressed-focused
combobox-button-disabled
backdrop-combobox-button
backdrop-combobox-button-disabled
combobox-arrow
combobox-arrow-disabled
check-unselected
check-unselected-hover
check-unselected-disabled
check-selected
check-selected-hover
check-selected-disabled
check-mixed
check-mixed-hover
check-mixed-disabled
radio-unselected
radio-unselected-hover
radio-unselected-disabled
radio-selected
radio-selected-hover
radio-selected-disabled
radio-mixed
radio-mixed-hover
radio-mixed-disabled
backdrop-check-unselected
backdrop-check-unselected-hover
backdrop-check-unselected-disabled
backdrop-check-selected
backdrop-check-selected-hover
backdrop-check-selected-disabled
backdrop-check-mixed
backdrop-check-mixed-hover
backdrop-check-mixed-disabled
backdrop-radio-unselected
backdrop-radio-unselected-hover
backdrop-radio-unselected-disabled
backdrop-radio-selected
backdrop-radio-selected-hover
backdrop-radio-selected-disabled
backdrop-radio-mixed
backdrop-radio-mixed-hover
backdrop-radio-mixed-disabled
menuitem-check-selected
menuitem-check-selected-hover
menuitem-check-selected-disabled
menuitem-check-unselected
menuitem-check-unselected-hover
menuitem-check-unselected-disabled
menuitem-radio-selected
menuitem-radio-selected-hover
menuitem-radio-selected-disabled
menuitem-radio-unselected
menuitem-radio-unselected-hover
menuitem-radio-unselected-disabled
menuitem-arrow
menuitem-arrow-hover
menuitem-arrow-disabled
notebook-tab-top
notebook-tab-top-active
notebook-tab-top-focused
notebook-tab-right
notebook-tab-right-active
notebook-tab-right-focused
notebook-tab-bottom
notebook-tab-bottom-active
notebook-tab-bottom-focused
notebook-tab-left
notebook-tab-left-active
notebook-tab-left-focused
progressbar-horizontal
progressbar-vertical
backdrop-progressbar-horizontal
backdrop-progressbar-vertical
slider-horizontal
slider-horizontal-hover
slider-horizontal-focused
slider-horizontal-focused-hover
slider-horizontal-disabled
scrollbar-trough-horizontal
scrollbar-slider-horizontal
scrollbar-slider-horizontal-hover
scrollbar-slider-horizontal-active
scrollbar-trough-vertical
scrollbar-slider-vertical
scrollbar-slider-vertical-hover
scrollbar-slider-vertical-active
